
> ai-depression-predictor-client@0.1.0 build
> react-scripts build

node.exe : node:fs:440
At line:1 char:1
+ & "C:\Program Files\nodejs/node.exe" "C:\Program Files\nodejs/node_mo ...
+ ~~~~~~~~~~~~~~~~~~~~~~~~~~~~~~~~~~~~~~~~~~~~~~~~~~~~~~~~~~~~~~~~~~~~~
    + CategoryInfo          : NotSpecified: (node:fs:440:String) [], RemoteExc 
   eption
    + FullyQualifiedErrorId : NativeCommandError
 
    return binding.readFileUtf8(path, stringToFlags(options.flag));
                   ^

Error: UNKNOWN: unknown error, read
    at Object.readFileSync (node:fs:440:20)
    at defaultLoadImpl (node:internal/modules/cjs/loader:1139:17)
    at loadSource (node:internal/modules/cjs/loader:1788:20)
    at Object..js (node:internal/modules/cjs/loader:1886:44)
    at Module.load (node:internal/modules/cjs/loader:1481:32)
    at Module._load (node:internal/modules/cjs/loader:1300:12)
    at TracingChannel.traceSync (node:diagnostics_channel:328:14)
    at wrapModuleLoad (node:internal/modules/cjs/loader:245:24)
    at Module.require (node:internal/modules/cjs/loader:1504:12)
    at require (node:internal/modules/helpers:152:16) {
  errno: -4094,
  code: 'UNKNOWN',
  syscall: 'read'
}

Node.js v24.12.0
